AR spi_interface behavioral "C:/My Folder/Cal Poly Pomona/Homework/ECE424/lab3/SPI_Interface.vhd" sub00/vhpl23 1423184300
AR counter_down10 behavioral "C:/My Folder/Cal Poly Pomona/Homework/ECE424/lab3/counter_down10.vhd" sub00/vhpl11 1423184288
AR counter_swt behavioral "C:/My Folder/Cal Poly Pomona/Homework/ECE424/lab3/counter_swt.vhd" sub00/vhpl13 1423184290
EN tlu_table NULL "C:/My Folder/Cal Poly Pomona/Homework/ECE424/lab3/tlu_table.vhd" sub00/vhpl00 1423184277
AR counter13bit behavioral "C:/My Folder/Cal Poly Pomona/Homework/ECE424/lab3/counter13bit.vhd" sub00/vhpl03 1423184280
EN counter_circuit NULL "C:/My Folder/Cal Poly Pomona/Homework/ECE424/lab3/Counter_Circuit.vhd" sub00/vhpl16 1423184293
EN rom_address NULL "C:/My Folder/Cal Poly Pomona/Homework/ECE424/lab3/ROM_address.vhd" sub00/vhpl06 1423184283
AR system behavioral "C:/My Folder/Cal Poly Pomona/Homework/ECE424/lab3/System.vhd" sub00/vhpl25 1423184302
EN counter_down NULL "C:/My Folder/Cal Poly Pomona/Homework/ECE424/lab3/counter_down.vhd" sub00/vhpl08 1423184285
AR counter6bit behavioral "C:/My Folder/Cal Poly Pomona/Homework/ECE424/lab3/counter6bit.vhd" sub00/vhpl05 1423184282
AR counter_circuit behavioral "C:/My Folder/Cal Poly Pomona/Homework/ECE424/lab3/Counter_Circuit.vhd" sub00/vhpl17 1423184294
EN system NULL "C:/My Folder/Cal Poly Pomona/Homework/ECE424/lab3/System.vhd" sub00/vhpl24 1423184301
AR counter_down behavioral "C:/My Folder/Cal Poly Pomona/Homework/ECE424/lab3/counter_down.vhd" sub00/vhpl09 1423184286
EN counter13bit NULL "C:/My Folder/Cal Poly Pomona/Homework/ECE424/lab3/counter13bit.vhd" sub00/vhpl02 1423184279
AR counter_flag behavioral "C:/My Folder/Cal Poly Pomona/Homework/ECE424/lab3/counter_flag.vhd" sub00/vhpl15 1423184292
EN sin_cos_generator NULL "C:/My Folder/Cal Poly Pomona/Homework/ECE424/lab3/sin_cos_generator.vhd" sub00/vhpl18 1423184295
EN counter_flag NULL "C:/My Folder/Cal Poly Pomona/Homework/ECE424/lab3/counter_flag.vhd" sub00/vhpl14 1423184291
EN spi_interface NULL "C:/My Folder/Cal Poly Pomona/Homework/ECE424/lab3/SPI_Interface.vhd" sub00/vhpl22 1423184299
EN counter6bit NULL "C:/My Folder/Cal Poly Pomona/Homework/ECE424/lab3/counter6bit.vhd" sub00/vhpl04 1423184281
EN controller NULL "C:/My Folder/Cal Poly Pomona/Homework/ECE424/lab3/Controller.vhd" sub00/vhpl20 1423184297
AR rom_address behavioral "C:/My Folder/Cal Poly Pomona/Homework/ECE424/lab3/ROM_address.vhd" sub00/vhpl07 1423184284
AR tlu_table behavioral "C:/My Folder/Cal Poly Pomona/Homework/ECE424/lab3/tlu_table.vhd" sub00/vhpl01 1423184278
EN counter_swt NULL "C:/My Folder/Cal Poly Pomona/Homework/ECE424/lab3/counter_swt.vhd" sub00/vhpl12 1423184289
AR controller behavioral "C:/My Folder/Cal Poly Pomona/Homework/ECE424/lab3/Controller.vhd" sub00/vhpl21 1423184298
AR sin_cos_generator behavioral "C:/My Folder/Cal Poly Pomona/Homework/ECE424/lab3/sin_cos_generator.vhd" sub00/vhpl19 1423184296
EN counter_down10 NULL "C:/My Folder/Cal Poly Pomona/Homework/ECE424/lab3/counter_down10.vhd" sub00/vhpl10 1423184287
